Script started on 2026-08-29 14:50:01-03:00 [COMMAND="bash testes.sh" <not executed on terminal>]
Sat Aug 29 14:50:01 -03 2026
nononha
/mnt/c/Users/nonon/Desktop/lagi/Infraestrutura-de-Software---Implementa-o-2
rm -f mandelbrot
gcc -Wall -Wextra -O2 -std=c11 -fopenmp -pthread -o mandelbrot mandelbrot.c
Uso: ./mandelbrot <largura> <altura> <max_iteracoes> <num_threads>
codigo de saida: 1
Uso: ./mandelbrot <largura> <altura> <max_iteracoes> <num_threads>
codigo de saida: 1
largura invalida 'abc'.
codigo de saida: 1
largura invalida '0'.
codigo de saida: 1
altura invalida '-5'.
codigo de saida: 1
num_threads invalido '0'.
codigo de saida: 1
5 10 10 10 
5 15 30 25 
255 255 255 255 
5 15 30 25 
8 8 17 17 17 17 
8 17 25 34 255 17 
8 25 42 255 255 42 
255 255 255 255 255 42 
8 25 42 255 255 42 
8 17 25 34 255 17 
6 6 6 12 12 12 12 12 12 12 
6 12 19 19 19 25 44 25 19 12 
6 19 19 31 38 255 255 255 44 19 
255 255 255 255 255 255 255 255 44 19 
6 19 19 31 38 255 255 255 44 19 
6 12 19 19 19 25 44 25 19 12 
6 6 6 12 12 12 12 12 12 12 
6 12 19 19 19 25 44 25 19 12 
6 19 19 31 38 255 255 255 44 19 
255 255 255 255 255 255 255 255 44 19 
6 19 19 31 38 255 255 255 44 19 
6 12 19 19 19 25 44 25 19 12 
codigo de saida: 0
0 stdout_capturado.txt
Serial: 0.367825 segundos
OpenMP: 0.094726 segundos
Pthreads1: 0.184666 segundos
Pthreads2: 0.094502 segundos
diffs acima vazios = arquivos identicos

Script done on 2026-08-29 14:50:04-03:00 [COMMAND_EXIT_CODE="0"]
